2026-04-02T00:43:41.325031412Z [inf]  Starting Container
2026-04-02T00:43:45.447293176Z [inf]  
2026-04-02T00:43:45.447420009Z [err]  Loaded Prisma config from prisma.config.ts.
2026-04-02T00:43:45.447428555Z [err]  
2026-04-02T00:43:45.447435654Z [err]  Prisma schema loaded from prisma/schema.prisma.
2026-04-02T00:43:45.447442457Z [inf]  Datasource "db": PostgreSQL database "railway", schema "public" at "postgres.railway.internal:5432"
2026-04-02T00:43:45.447449452Z [inf]  
2026-04-02T00:43:45.447462355Z [inf]  10 migrations found in prisma/migrations
2026-04-02T00:43:45.447469799Z [inf]  
2026-04-02T00:43:45.447714263Z [inf]  No pending migrations to apply.
2026-04-02T00:43:46.285025480Z [inf]  Stopping Container
2026-04-02T00:43:54.910166663Z [inf]  Mounting volume on: /var/lib/containers/railwayapp/bind-mounts/6a65fd80-5b71-4ac7-b7bf-53114994db04/vol_ddm9tvlxnyrpnrmy
2026-04-02T00:43:55.231810227Z [inf]  [entrypoint] Running Prisma migrations
2026-04-02T00:43:55.904820111Z [inf]  Starting Container
2026-04-02T00:43:56.257284085Z [err]  Loaded Prisma config from prisma.config.ts.
2026-04-02T00:43:56.257291328Z [err]  
2026-04-02T00:43:56.257297833Z [err]  Prisma schema loaded from prisma/schema.prisma.
2026-04-02T00:43:56.257304994Z [inf]  Datasource "db": PostgreSQL database "railway", schema "public" at "postgres.railway.internal:5432"
2026-04-02T00:43:56.294068345Z [inf]  
2026-04-02T00:43:56.294079544Z [inf]  10 migrations found in prisma/migrations
2026-04-02T00:43:56.294087658Z [inf]  
2026-04-02T00:43:56.408826343Z [inf]  
2026-04-02T00:43:56.408835234Z [inf]  No pending migrations to apply.
2026-04-02T00:43:56.437971703Z [inf]  [entrypoint] Starting NestJS app
2026-04-02T00:43:57.730533035Z [inf]  [32m[Nest] 1  - [39m04/02/2026, 12:43:57 AM [32m    LOG[39m [38;5;3m[NestFactory] [39m[32mStarting Nest application...[39m
2026-04-02T00:43:57.776469553Z [inf]  [32m[Nest] 1  - [39m04/02/2026, 12:43:57 AM [32m    LOG[39m [38;5;3m[InstanceLoader] [39m[32mPrismaModule dependencies initialized[39m[38;5;3m +37ms[39m
2026-04-02T00:43:57.776476091Z [inf]  [32m[Nest] 1  - [39m04/02/2026, 12:43:57 AM [32m    LOG[39m [38;5;3m[InstanceLoader] [39m[32mPassportModule dependencies initialized[39m[38;5;3m +1ms[39m
2026-04-02T00:43:57.776484338Z [inf]  [32m[Nest] 1  - [39m04/02/2026, 12:43:57 AM [32m    LOG[39m [38;5;3m[InstanceLoader] [39m[32mConfigHostModule dependencies initialized[39m[38;5;3m +0ms[39m
2026-04-02T00:43:57.776490979Z [inf]  [32m[Nest] 1  - [39m04/02/2026, 12:43:57 AM [32m    LOG[39m [38;5;3m[InstanceLoader] [39m[32mJwtModule dependencies initialized[39m[38;5;3m +0ms[39m
2026-04-02T00:43:57.776497163Z [inf]  [32m[Nest] 1  - [39m04/02/2026, 12:43:57 AM [32m    LOG[39m [38;5;3m[InstanceLoader] [39m[32mDiscoveryModule dependencies initialized[39m[38;5;3m +0ms[39m
2026-04-02T00:43:57.831405016Z [inf]  [32m[Nest] 1  - [39m04/02/2026, 12:43:57 AM [32m    LOG[39m [38;5;3m[PushService] [39m[32mWeb Push VAPID configured[39m
2026-04-02T00:43:57.831412557Z [inf]  [32m[Nest] 1  - [39m04/02/2026, 12:43:57 AM [32m    LOG[39m [38;5;3m[InstanceLoader] [39m[32mAppModule dependencies initialized[39m[38;5;3m +2ms[39m
2026-04-02T00:43:57.831417328Z [inf]  [32m[Nest] 1  - [39m04/02/2026, 12:43:57 AM [32m    LOG[39m [38;5;3m[InstanceLoader] [39m[32mConfigModule dependencies initialized[39m[38;5;3m +1ms[39m
2026-04-02T00:43:57.831426261Z [inf]  [32m[Nest] 1  - [39m04/02/2026, 12:43:57 AM [32m    LOG[39m [38;5;3m[InstanceLoader] [39m[32mConfigModule dependencies initialized[39m[38;5;3m +0ms[39m
2026-04-02T00:43:57.831432717Z [inf]  [32m[Nest] 1  - [39m04/02/2026, 12:43:57 AM [32m    LOG[39m [38;5;3m[InstanceLoader] [39m[32mScheduleModule dependencies initialized[39m[38;5;3m +0ms[39m
2026-04-02T00:43:57.831437848Z [inf]  [32m[Nest] 1  - [39m04/02/2026, 12:43:57 AM [32m    LOG[39m [38;5;3m[InstanceLoader] [39m[32mEmailModule dependencies initialized[39m[38;5;3m +3ms[39m
2026-04-02T00:43:57.831443376Z [inf]  [32m[Nest] 1  - [39m04/02/2026, 12:43:57 AM [32m    LOG[39m [38;5;3m[InstanceLoader] [39m[32mStorageModule dependencies initialized[39m[38;5;3m +0ms[39m
2026-04-02T00:43:57.831447965Z [inf]  [32m[Nest] 1  - [39m04/02/2026, 12:43:57 AM [32m    LOG[39m [38;5;3m[InstanceLoader] [39m[32mThrottlerModule dependencies initialized[39m[38;5;3m +1ms[39m
2026-04-02T00:43:57.831452702Z [inf]  [32m[Nest] 1  - [39m04/02/2026, 12:43:57 AM [32m    LOG[39m [38;5;3m[InstanceLoader] [39m[32mJwtModule dependencies initialized[39m[38;5;3m +0ms[39m
2026-04-02T00:43:57.831457252Z [inf]  [32m[Nest] 1  - [39m04/02/2026, 12:43:57 AM [32m    LOG[39m [38;5;3m[InstanceLoader] [39m[32mHealthModule dependencies initialized[39m[38;5;3m +1ms[39m
2026-04-02T00:43:57.831462041Z [inf]  [32m[Nest] 1  - [39m04/02/2026, 12:43:57 AM [32m    LOG[39m [38;5;3m[InstanceLoader] [39m[32mCacheModule dependencies initialized[39m[38;5;3m +0ms[39m
2026-04-02T00:43:57.833643811Z [inf]  [32m[Nest] 1  - [39m04/02/2026, 12:43:57 AM [32m    LOG[39m [38;5;3m[InstanceLoader] [39m[32mClientModule dependencies initialized[39m[38;5;3m +3ms[39m
2026-04-02T00:43:57.833655791Z [inf]  [32m[Nest] 1  - [39m04/02/2026, 12:43:57 AM [32m    LOG[39m [38;5;3m[InstanceLoader] [39m[32mPortfolioModule dependencies initialized[39m[38;5;3m +1ms[39m
2026-04-02T00:43:57.833663231Z [inf]  [32m[Nest] 1  - [39m04/02/2026, 12:43:57 AM [32m    LOG[39m [38;5;3m[InstanceLoader] [39m[32mContentModule dependencies initialized[39m[38;5;3m +0ms[39m
2026-04-02T00:43:57.833669092Z [inf]  [32m[Nest] 1  - [39m04/02/2026, 12:43:57 AM [32m    LOG[39m [38;5;3m[InstanceLoader] [39m[32mInvoiceModule dependencies initialized[39m[38;5;3m +0ms[39m
2026-04-02T00:43:57.833675085Z [inf]  [32m[Nest] 1  - [39m04/02/2026, 12:43:57 AM [32m    LOG[39m [38;5;3m[InstanceLoader] [39m[32mUserModule dependencies initialized[39m[38;5;3m +1ms[39m
2026-04-02T00:43:57.833681393Z [inf]  [32m[Nest] 1  - [39m04/02/2026, 12:43:57 AM [32m    LOG[39m [38;5;3m[InstanceLoader] [39m[32mContactModule dependencies initialized[39m[38;5;3m +0ms[39m
2026-04-02T00:43:57.833688340Z [inf]  [32m[Nest] 1  - [39m04/02/2026, 12:43:57 AM [32m    LOG[39m [38;5;3m[InstanceLoader] [39m[32mFileModule dependencies initialized[39m[38;5;3m +0ms[39m
2026-04-02T00:43:57.833694741Z [inf]  [32m[Nest] 1  - [39m04/02/2026, 12:43:57 AM [32m    LOG[39m [38;5;3m[InstanceLoader] [39m[32mAuthModule dependencies initialized[39m[38;5;3m +0ms[39m
2026-04-02T00:43:57.833700413Z [inf]  [32m[Nest] 1  - [39m04/02/2026, 12:43:57 AM [32m    LOG[39m [38;5;3m[InstanceLoader] [39m[32mNotificationModule dependencies initialized[39m[38;5;3m +1ms[39m
2026-04-02T00:43:57.833707120Z [inf]  [32m[Nest] 1  - [39m04/02/2026, 12:43:57 AM [32m    LOG[39m [38;5;3m[InstanceLoader] [39m[32mAiModule dependencies initialized[39m[38;5;3m +0ms[39m
2026-04-02T00:43:57.835551236Z [inf]  [32m[Nest] 1  - [39m04/02/2026, 12:43:57 AM [32m    LOG[39m [38;5;3m[InstanceLoader] [39m[32mProjectModule dependencies initialized[39m[38;5;3m +0ms[39m
2026-04-02T00:43:57.835558219Z [inf]  [32m[Nest] 1  - [39m04/02/2026, 12:43:57 AM [32m    LOG[39m [38;5;3m[InstanceLoader] [39m[32mTaskModule dependencies initialized[39m[38;5;3m +0ms[39m
2026-04-02T00:43:57.835564049Z [inf]  [32m[Nest] 1  - [39m04/02/2026, 12:43:57 AM [32m    LOG[39m [38;5;3m[InstanceLoader] [39m[32mMessageModule dependencies initialized[39m[38;5;3m +0ms[39m
2026-04-02T00:43:58.264374347Z [inf]  [32m[Nest] 1  - [39m04/02/2026, 12:43:58 AM [32m    LOG[39m [38;5;3m[RoutesResolver] [39m[32mAuthController {/api/v1/auth}:[39m[38;5;3m +1ms[39m
2026-04-02T00:43:58.264388040Z [inf]  [32m[Nest] 1  - [39m04/02/2026, 12:43:58 AM [32m    LOG[39m [38;5;3m[RouterExplorer] [39m[32mMapped {/api/v1/auth/register, POST} route[39m[38;5;3m +1ms[39m
2026-04-02T00:43:58.264395916Z [inf]  [32m[Nest] 1  - [39m04/02/2026, 12:43:58 AM [32m    LOG[39m [38;5;3m[RouterExplorer] [39m[32mMapped {/api/v1/auth/login, POST} route[39m[38;5;3m +0ms[39m
2026-04-02T00:43:58.264402883Z [inf]  [32m[Nest] 1  - [39m04/02/2026, 12:43:58 AM [32m    LOG[39m [38;5;3m[RouterExplorer] [39m[32mMapped {/api/v1/auth/verify-email, GET} route[39m[38;5;3m +1ms[39m
2026-04-02T00:43:58.264409636Z [inf]  [32m[Nest] 1  - [39m04/02/2026, 12:43:58 AM [32m    LOG[39m [38;5;3m[RouterExplorer] [39m[32mMapped {/api/v1/auth/resend-verification, POST} route[39m[38;5;3m +0ms[39m
2026-04-02T00:43:58.264499181Z [inf]  [32m[Nest] 1  - [39m04/02/2026, 12:43:58 AM [32m    LOG[39m [38;5;3m[Bootstrap] [39m[32mSocket.IO Redis adapter connected[39m
2026-04-02T00:43:58.264504108Z [inf]  [32m[Nest] 1  - [39m04/02/2026, 12:43:58 AM [32m    LOG[39m [38;5;3m[RoutesResolver] [39m[32mAppController {/api/v1}:[39m[38;5;3m +17ms[39m
2026-04-02T00:43:58.264509993Z [inf]  [32m[Nest] 1  - [39m04/02/2026, 12:43:58 AM [32m    LOG[39m [38;5;3m[RouterExplorer] [39m[32mMapped {/api/v1, GET} route[39m[38;5;3m +7ms[39m
2026-04-02T00:43:58.264515121Z [inf]  [32m[Nest] 1  - [39m04/02/2026, 12:43:58 AM [32m    LOG[39m [38;5;3m[RouterExplorer] [39m[32mMapped {/api/v1/healthz, GET} route[39m[38;5;3m +1ms[39m
2026-04-02T00:43:58.264519460Z [inf]  [32m[Nest] 1  - [39m04/02/2026, 12:43:58 AM [32m    LOG[39m [38;5;3m[RoutesResolver] [39m[32mHealthCheckController {/api/v1/api}:[39m[38;5;3m +0ms[39m
2026-04-02T00:43:58.264524146Z [inf]  [32m[Nest] 1  - [39m04/02/2026, 12:43:58 AM [32m    LOG[39m [38;5;3m[RouterExplorer] [39m[32mMapped {/api/v1/api/healthz, GET} route[39m[38;5;3m +0ms[39m
2026-04-02T00:43:58.265426452Z [inf]  [32m[Nest] 1  - [39m04/02/2026, 12:43:58 AM [32m    LOG[39m [38;5;3m[RouterExplorer] [39m[32mMapped {/api/v1/auth/google, GET} route[39m[38;5;3m +1ms[39m
2026-04-02T00:43:58.265432175Z [inf]  [32m[Nest] 1  - [39m04/02/2026, 12:43:58 AM [32m    LOG[39m [38;5;3m[RouterExplorer] [39m[32mMapped {/api/v1/auth/google/callback, GET} route[39m[38;5;3m +1ms[39m
2026-04-02T00:43:58.265437095Z [inf]  [32m[Nest] 1  - [39m04/02/2026, 12:43:58 AM [32m    LOG[39m [38;5;3m[RouterExplorer] [39m[32mMapped {/api/v1/auth/me, GET} route[39m[38;5;3m +0ms[39m
2026-04-02T00:43:58.265441818Z [inf]  [32m[Nest] 1  - [39m04/02/2026, 12:43:58 AM [32m    LOG[39m [38;5;3m[RouterExplorer] [39m[32mMapped {/api/v1/auth/refresh, POST} route[39m[38;5;3m +1ms[39m
2026-04-02T00:43:58.265445991Z [inf]  [32m[Nest] 1  - [39m04/02/2026, 12:43:58 AM [32m    LOG[39m [38;5;3m[RouterExplorer] [39m[32mMapped {/api/v1/auth/logout, POST} route[39m[38;5;3m +0ms[39m
2026-04-02T00:43:58.265450657Z [inf]  [32m[Nest] 1  - [39m04/02/2026, 12:43:58 AM [32m    LOG[39m [38;5;3m[RoutesResolver] [39m[32mUserController {/api/v1/users}:[39m[38;5;3m +0ms[39m
2026-04-02T00:43:58.265455261Z [inf]  [32m[Nest] 1  - [39m04/02/2026, 12:43:58 AM [32m    LOG[39m [38;5;3m[RouterExplorer] [39m[32mMapped {/api/v1/users/me, GET} route[39m[38;5;3m +1ms[39m
2026-04-02T00:43:58.265459177Z [inf]  [32m[Nest] 1  - [39m04/02/2026, 12:43:58 AM [32m    LOG[39m [38;5;3m[RouterExplorer] [39m[32mMapped {/api/v1/users/me, PATCH} route[39m[38;5;3m +0ms[39m
2026-04-02T00:43:58.265464331Z [inf]  [32m[Nest] 1  - [39m04/02/2026, 12:43:58 AM [32m    LOG[39m [38;5;3m[RouterExplorer] [39m[32mMapped {/api/v1/users/me/password, PATCH} route[39m[38;5;3m +0ms[39m
2026-04-02T00:43:58.265469088Z [inf]  [32m[Nest] 1  - [39m04/02/2026, 12:43:58 AM [32m    LOG[39m [38;5;3m[RouterExplorer] [39m[32mMapped {/api/v1/users/me/avatar, POST} route[39m[38;5;3m +1ms[39m
2026-04-02T00:43:58.267612165Z [inf]  [32m[Nest] 1  - [39m04/02/2026, 12:43:58 AM [32m    LOG[39m [38;5;3m[RouterExplorer] [39m[32mMapped {/api/v1/users/members, POST} route[39m[38;5;3m +0ms[39m
2026-04-02T00:43:58.267623326Z [inf]  [32m[Nest] 1  - [39m04/02/2026, 12:43:58 AM [32m    LOG[39m [38;5;3m[RouterExplorer] [39m[32mMapped {/api/v1/users, GET} route[39m[38;5;3m +0ms[39m
2026-04-02T00:43:58.267631078Z [inf]  [32m[Nest] 1  - [39m04/02/2026, 12:43:58 AM [32m    LOG[39m [38;5;3m[RouterExplorer] [39m[32mMapped {/api/v1/users/:id, GET} route[39m[38;5;3m +1ms[39m
2026-04-02T00:43:58.267642401Z [inf]  [32m[Nest] 1  - [39m04/02/2026, 12:43:58 AM [32m    LOG[39m [38;5;3m[RouterExplorer] [39m[32mMapped {/api/v1/users/:id, PATCH} route[39m[38;5;3m +1ms[39m
2026-04-02T00:43:58.267651636Z [inf]  [32m[Nest] 1  - [39m04/02/2026, 12:43:58 AM [32m    LOG[39m [38;5;3m[RouterExplorer] [39m[32mMapped {/api/v1/users/:id, DELETE} route[39m[38;5;3m +0ms[39m
2026-04-02T00:43:58.267658106Z [inf]  [32m[Nest] 1  - [39m04/02/2026, 12:43:58 AM [32m    LOG[39m [38;5;3m[RoutesResolver] [39m[32mProjectController {/api/v1/projects}:[39m[38;5;3m +0ms[39m
2026-04-02T00:43:58.267664055Z [inf]  [32m[Nest] 1  - [39m04/02/2026, 12:43:58 AM [32m    LOG[39m [38;5;3m[RouterExplorer] [39m[32mMapped {/api/v1/projects, GET} route[39m[38;5;3m +1ms[39m
2026-04-02T00:43:58.267673210Z [inf]  [32m[Nest] 1  - [39m04/02/2026, 12:43:58 AM [32m    LOG[39m [38;5;3m[RouterExplorer] [39m[32mMapped {/api/v1/projects/showcase, GET} route[39m[38;5;3m +0ms[39m
2026-04-02T00:43:58.267679632Z [inf]  [32m[Nest] 1  - [39m04/02/2026, 12:43:58 AM [32m    LOG[39m [38;5;3m[RouterExplorer] [39m[32mMapped {/api/v1/projects/request, POST} route[39m[38;5;3m +0ms[39m
2026-04-02T00:43:58.267686350Z [inf]  [32m[Nest] 1  - [39m04/02/2026, 12:43:58 AM [32m    LOG[39m [38;5;3m[RouterExplorer] [39m[32mMapped {/api/v1/projects/:id/accept, PATCH} route[39m[38;5;3m +0ms[39m
2026-04-02T00:43:58.269780386Z [inf]  [32m[Nest] 1  - [39m04/02/2026, 12:43:58 AM [32m    LOG[39m [38;5;3m[RouterExplorer] [39m[32mMapped {/api/v1/projects/:id/client-update, PATCH} route[39m[38;5;3m +1ms[39m
2026-04-02T00:43:58.269786829Z [inf]  [32m[Nest] 1  - [39m04/02/2026, 12:43:58 AM [32m    LOG[39m [38;5;3m[RouterExplorer] [39m[32mMapped {/api/v1/projects/:id, GET} route[39m[38;5;3m +0ms[39m
2026-04-02T00:43:58.269791503Z [inf]  [32m[Nest] 1  - [39m04/02/2026, 12:43:58 AM [32m    LOG[39m [38;5;3m[RouterExplorer] [39m[32mMapped {/api/v1/projects, POST} route[39m[38;5;3m +0ms[39m
2026-04-02T00:43:58.269796160Z [inf]  [32m[Nest] 1  - [39m04/02/2026, 12:43:58 AM [32m    LOG[39m [38;5;3m[RouterExplorer] [39m[32mMapped {/api/v1/projects/:id, PATCH} route[39m[38;5;3m +1ms[39m
2026-04-02T00:43:58.269802168Z [inf]  [32m[Nest] 1  - [39m04/02/2026, 12:43:58 AM [32m    LOG[39m [38;5;3m[RouterExplorer] [39m[32mMapped {/api/v1/projects/:id, DELETE} route[39m[38;5;3m +0ms[39m
2026-04-02T00:43:58.269807038Z [inf]  [32m[Nest] 1  - [39m04/02/2026, 12:43:58 AM [32m    LOG[39m [38;5;3m[RoutesResolver] [39m[32mNotificationController {/api/v1/notifications}:[39m[38;5;3m +0ms[39m
2026-04-02T00:43:58.269811633Z [inf]  [32m[Nest] 1  - [39m04/02/2026, 12:43:58 AM [32m    LOG[39m [38;5;3m[RouterExplorer] [39m[32mMapped {/api/v1/notifications/push/vapid-key, GET} route[39m[38;5;3m +1ms[39m
2026-04-02T00:43:58.269816195Z [inf]  [32m[Nest] 1  - [39m04/02/2026, 12:43:58 AM [32m    LOG[39m [38;5;3m[RouterExplorer] [39m[32mMapped {/api/v1/notifications/push/subscribe, POST} route[39m[38;5;3m +0ms[39m
2026-04-02T00:43:58.269821001Z [inf]  [32m[Nest] 1  - [39m04/02/2026, 12:43:58 AM [32m    LOG[39m [38;5;3m[RouterExplorer] [39m[32mMapped {/api/v1/notifications/push/unsubscribe, POST} route[39m[38;5;3m +0ms[39m
2026-04-02T00:43:58.269826321Z [inf]  [32m[Nest] 1  - [39m04/02/2026, 12:43:58 AM [32m    LOG[39m [38;5;3m[RouterExplorer] [39m[32mMapped {/api/v1/notifications, GET} route[39m[38;5;3m +1ms[39m
2026-04-02T00:43:58.271868499Z [inf]  [32m[Nest] 1  - [39m04/02/2026, 12:43:58 AM [32m    LOG[39m [38;5;3m[RouterExplorer] [39m[32mMapped {/api/v1/notifications/unread-count, GET} route[39m[38;5;3m +0ms[39m
2026-04-02T00:43:58.271877929Z [inf]  [32m[Nest] 1  - [39m04/02/2026, 12:43:58 AM [32m    LOG[39m [38;5;3m[RouterExplorer] [39m[32mMapped {/api/v1/notifications/read-all, PATCH} route[39m[38;5;3m +0ms[39m
2026-04-02T00:43:58.271883081Z [inf]  [32m[Nest] 1  - [39m04/02/2026, 12:43:58 AM [32m    LOG[39m [38;5;3m[RouterExplorer] [39m[32mMapped {/api/v1/notifications/:id/read, PATCH} route[39m[38;5;3m +0ms[39m
2026-04-02T00:43:58.271887666Z [inf]  [32m[Nest] 1  - [39m04/02/2026, 12:43:58 AM [32m    LOG[39m [38;5;3m[RouterExplorer] [39m[32mMapped {/api/v1/notifications/:id, DELETE} route[39m[38;5;3m +1ms[39m
2026-04-02T00:43:58.271892399Z [inf]  [32m[Nest] 1  - [39m04/02/2026, 12:43:58 AM [32m    LOG[39m [38;5;3m[RoutesResolver] [39m[32mTaskController {/api/v1/tasks}:[39m[38;5;3m +0ms[39m
2026-04-02T00:43:58.271897344Z [inf]  [32m[Nest] 1  - [39m04/02/2026, 12:43:58 AM [32m    LOG[39m [38;5;3m[RouterExplorer] [39m[32mMapped {/api/v1/tasks/my, GET} route[39m[38;5;3m +0ms[39m
2026-04-02T00:43:58.271903369Z [inf]  [32m[Nest] 1  - [39m04/02/2026, 12:43:58 AM [32m    LOG[39m [38;5;3m[RouterExplorer] [39m[32mMapped {/api/v1/tasks, GET} route[39m[38;5;3m +0ms[39m
2026-04-02T00:43:58.271909432Z [inf]  [32m[Nest] 1  - [39m04/02/2026, 12:43:58 AM [32m    LOG[39m [38;5;3m[RouterExplorer] [39m[32mMapped {/api/v1/tasks/:id, GET} route[39m[38;5;3m +0ms[39m
2026-04-02T00:43:58.271914598Z [inf]  [32m[Nest] 1  - [39m04/02/2026, 12:43:58 AM [32m    LOG[39m [38;5;3m[RouterExplorer] [39m[32mMapped {/api/v1/tasks, POST} route[39m[38;5;3m +1ms[39m
2026-04-02T00:43:58.271919188Z [inf]  [32m[Nest] 1  - [39m04/02/2026, 12:43:58 AM [32m    LOG[39m [38;5;3m[RouterExplorer] [39m[32mMapped {/api/v1/tasks/:id, PATCH} route[39m[38;5;3m +0ms[39m
2026-04-02T00:43:58.273960531Z [inf]  [32m[Nest] 1  - [39m04/02/2026, 12:43:58 AM [32m    LOG[39m [38;5;3m[RouterExplorer] [39m[32mMapped {/api/v1/invoices, GET} route[39m[38;5;3m +0ms[39m
2026-04-02T00:43:58.273980447Z [inf]  [32m[Nest] 1  - [39m04/02/2026, 12:43:58 AM [32m    LOG[39m [38;5;3m[RouterExplorer] [39m[32mMapped {/api/v1/tasks/:id/comments, POST} route[39m[38;5;3m +0ms[39m
2026-04-02T00:43:58.273997274Z [inf]  [32m[Nest] 1  - [39m04/02/2026, 12:43:58 AM [32m    LOG[39m [38;5;3m[RouterExplorer] [39m[32mMapped {/api/v1/tasks/:id, DELETE} route[39m[38;5;3m +0ms[39m
2026-04-02T00:43:58.274003896Z [inf]  [32m[Nest] 1  - [39m04/02/2026, 12:43:58 AM [32m    LOG[39m [38;5;3m[RoutesResolver] [39m[32mClientController {/api/v1/clients}:[39m[38;5;3m +0ms[39m
2026-04-02T00:43:58.274010250Z [inf]  [32m[Nest] 1  - [39m04/02/2026, 12:43:58 AM [32m    LOG[39m [38;5;3m[RouterExplorer] [39m[32mMapped {/api/v1/clients, GET} route[39m[38;5;3m +1ms[39m
2026-04-02T00:43:58.274015228Z [inf]  [32m[Nest] 1  - [39m04/02/2026, 12:43:58 AM [32m    LOG[39m [38;5;3m[RouterExplorer] [39m[32mMapped {/api/v1/clients/:id, GET} route[39m[38;5;3m +0ms[39m
2026-04-02T00:43:58.274020792Z [inf]  [32m[Nest] 1  - [39m04/02/2026, 12:43:58 AM [32m    LOG[39m [38;5;3m[RouterExplorer] [39m[32mMapped {/api/v1/clients, POST} route[39m[38;5;3m +0ms[39m
2026-04-02T00:43:58.274025821Z [inf]  [32m[Nest] 1  - [39m04/02/2026, 12:43:58 AM [32m    LOG[39m [38;5;3m[RouterExplorer] [39m[32mMapped {/api/v1/clients/:id, PATCH} route[39m[38;5;3m +0ms[39m
2026-04-02T00:43:58.274030398Z [inf]  [32m[Nest] 1  - [39m04/02/2026, 12:43:58 AM [32m    LOG[39m [38;5;3m[RouterExplorer] [39m[32mMapped {/api/v1/clients/:id, DELETE} route[39m[38;5;3m +0ms[39m
2026-04-02T00:43:58.274035581Z [inf]  [32m[Nest] 1  - [39m04/02/2026, 12:43:58 AM [32m    LOG[39m [38;5;3m[RoutesResolver] [39m[32mInvoiceController {/api/v1/invoices}:[39m[38;5;3m +1ms[39m
2026-04-02T00:43:58.275944774Z [inf]  [32m[Nest] 1  - [39m04/02/2026, 12:43:58 AM [32m    LOG[39m [38;5;3m[RouterExplorer] [39m[32mMapped {/api/v1/invoices/:id, GET} route[39m[38;5;3m +0ms[39m
2026-04-02T00:43:58.275950866Z [inf]  [32m[Nest] 1  - [39m04/02/2026, 12:43:58 AM [32m    LOG[39m [38;5;3m[RouterExplorer] [39m[32mMapped {/api/v1/invoices, POST} route[39m[38;5;3m +0ms[39m
2026-04-02T00:43:58.275955701Z [inf]  [32m[Nest] 1  - [39m04/02/2026, 12:43:58 AM [32m    LOG[39m [38;5;3m[RouterExplorer] [39m[32mMapped {/api/v1/invoices/:id, PATCH} route[39m[38;5;3m +0ms[39m
2026-04-02T00:43:58.275961497Z [inf]  [32m[Nest] 1  - [39m04/02/2026, 12:43:58 AM [32m    LOG[39m [38;5;3m[RouterExplorer] [39m[32mMapped {/api/v1/invoices/:id, DELETE} route[39m[38;5;3m +0ms[39m
2026-04-02T00:43:58.275967304Z [inf]  [32m[Nest] 1  - [39m04/02/2026, 12:43:58 AM [32m    LOG[39m [38;5;3m[RoutesResolver] [39m[32mPortfolioController {/api/v1/portfolio}:[39m[38;5;3m +1ms[39m
2026-04-02T00:43:58.275972299Z [inf]  [32m[Nest] 1  - [39m04/02/2026, 12:43:58 AM [32m    LOG[39m [38;5;3m[RouterExplorer] [39m[32mMapped {/api/v1/portfolio, GET} route[39m[38;5;3m +0ms[39m
2026-04-02T00:43:58.275976909Z [inf]  [32m[Nest] 1  - [39m04/02/2026, 12:43:58 AM [32m    LOG[39m [38;5;3m[RouterExplorer] [39m[32mMapped {/api/v1/portfolio/:projectId, PATCH} route[39m[38;5;3m +0ms[39m
2026-04-02T00:43:58.275981517Z [inf]  [32m[Nest] 1  - [39m04/02/2026, 12:43:58 AM [32m    LOG[39m [38;5;3m[RouterExplorer] [39m[32mMapped {/api/v1/portfolio/:projectId/thumbnail, POST} route[39m[38;5;3m +0ms[39m
2026-04-02T00:43:58.275986434Z [inf]  [32m[Nest] 1  - [39m04/02/2026, 12:43:58 AM [32m    LOG[39m [38;5;3m[RoutesResolver] [39m[32mAiController {/api/v1/ai}:[39m[38;5;3m +0ms[39m
2026-04-02T00:43:58.275991898Z [inf]  [32m[Nest] 1  - [39m04/02/2026, 12:43:58 AM [32m    LOG[39m [38;5;3m[RouterExplorer] [39m[32mMapped {/api/v1/ai/chat, POST} route[39m[38;5;3m +1ms[39m
2026-04-02T00:43:58.277891095Z [inf]  [32m[Nest] 1  - [39m04/02/2026, 12:43:58 AM [32m    LOG[39m [38;5;3m[RouterExplorer] [39m[32mMapped {/api/v1/ai/generate-proposal, POST} route[39m[38;5;3m +0ms[39m
2026-04-02T00:43:58.277899921Z [inf]  [32m[Nest] 1  - [39m04/02/2026, 12:43:58 AM [32m    LOG[39m [38;5;3m[RouterExplorer] [39m[32mMapped {/api/v1/ai/breakdown-tasks, POST} route[39m[38;5;3m +0ms[39m
2026-04-02T00:43:58.277905951Z [inf]  [32m[Nest] 1  - [39m04/02/2026, 12:43:58 AM [32m    LOG[39m [38;5;3m[RouterExplorer] [39m[32mMapped {/api/v1/ai/review-code, POST} route[39m[38;5;3m +0ms[39m
2026-04-02T00:43:58.277912067Z [inf]  [32m[Nest] 1  - [39m04/02/2026, 12:43:58 AM [32m    LOG[39m [38;5;3m[RouterExplorer] [39m[32mMapped {/api/v1/ai/estimate, POST} route[39m[38;5;3m +0ms[39m
2026-04-02T00:43:58.277922192Z [inf]  [32m[Nest] 1  - [39m04/02/2026, 12:43:58 AM [32m    LOG[39m [38;5;3m[RouterExplorer] [39m[32mMapped {/api/v1/ai/progress-report/:projectId, POST} route[39m[38;5;3m +0ms[39m
2026-04-02T00:43:58.277928061Z [inf]  [32m[Nest] 1  - [39m04/02/2026, 12:43:58 AM [32m    LOG[39m [38;5;3m[RouterExplorer] [39m[32mMapped {/api/v1/ai/strategic-plan, POST} route[39m[38;5;3m +1ms[39m
2026-04-02T00:43:58.277933683Z [inf]  [32m[Nest] 1  - [39m04/02/2026, 12:43:58 AM [32m    LOG[39m [38;5;3m[RouterExplorer] [39m[32mMapped {/api/v1/ai/strategic-plan/apply, POST} route[39m[38;5;3m +0ms[39m
2026-04-02T00:43:58.277939301Z [inf]  [32m[Nest] 1  - [39m04/02/2026, 12:43:58 AM [32m    LOG[39m [38;5;3m[RouterExplorer] [39m[32mMapped {/api/v1/ai/strategic-plan/apply-requests, GET} route[39m[38;5;3m +0ms[39m
2026-04-02T00:43:58.277945576Z [inf]  [32m[Nest] 1  - [39m04/02/2026, 12:43:58 AM [32m    LOG[39m [38;5;3m[RouterExplorer] [39m[32mMapped {/api/v1/ai/strategic-plan/apply-requests/:id/review, PATCH} route[39m[38;5;3m +0ms[39m
2026-04-02T00:43:58.277951681Z [inf]  [32m[Nest] 1  - [39m04/02/2026, 12:43:58 AM [32m    LOG[39m [38;5;3m[RouterExplorer] [39m[32mMapped {/api/v1/ai/audit, POST} route[39m[38;5;3m +0ms[39m
2026-04-02T00:43:58.280109778Z [inf]  [32m[Nest] 1  - [39m04/02/2026, 12:43:58 AM [32m    LOG[39m [38;5;3m[RouterExplorer] [39m[32mMapped {/api/v1/ai/audit/summary, GET} route[39m[38;5;3m +1ms[39m
2026-04-02T00:43:58.280116239Z [inf]  [32m[Nest] 1  - [39m04/02/2026, 12:43:58 AM [32m    LOG[39m [38;5;3m[RouterExplorer] [39m[32mMapped {/api/v1/ai/audit/:id/feedback, PATCH} route[39m[38;5;3m +0ms[39m
2026-04-02T00:43:58.280122414Z [inf]  [32m[Nest] 1  - [39m04/02/2026, 12:43:58 AM [32m    LOG[39m [38;5;3m[RouterExplorer] [39m[32mMapped {/api/v1/ai/audit/:id, DELETE} route[39m[38;5;3m +0ms[39m
2026-04-02T00:43:58.280128920Z [inf]  [32m[Nest] 1  - [39m04/02/2026, 12:43:58 AM [32m    LOG[39m [38;5;3m[RouterExplorer] [39m[32mMapped {/api/v1/ai/audit/purge, POST} route[39m[38;5;3m +0ms[39m
2026-04-02T00:43:58.280135654Z [inf]  [32m[Nest] 1  - [39m04/02/2026, 12:43:58 AM [32m    LOG[39m [38;5;3m[RoutesResolver] [39m[32mAiPublicController {/api/v1/ai}:[39m[38;5;3m +0ms[39m
2026-04-02T00:43:58.280144101Z [inf]  [32m[Nest] 1  - [39m04/02/2026, 12:43:58 AM [32m    LOG[39m [38;5;3m[RouterExplorer] [39m[32mMapped {/api/v1/ai/chat-public, POST} route[39m[38;5;3m +0ms[39m
2026-04-02T00:43:58.280149938Z [inf]  [32m[Nest] 1  - [39m04/02/2026, 12:43:58 AM [32m    LOG[39m [38;5;3m[RoutesResolver] [39m[32mFileController {/api/v1/files}:[39m[38;5;3m +1ms[39m
2026-04-02T00:43:58.280156719Z [inf]  [32m[Nest] 1  - [39m04/02/2026, 12:43:58 AM [32m    LOG[39m [38;5;3m[RouterExplorer] [39m[32mMapped {/api/v1/files, GET} route[39m[38;5;3m +0ms[39m
2026-04-02T00:43:58.280168400Z [inf]  [32m[Nest] 1  - [39m04/02/2026, 12:43:58 AM [32m    LOG[39m [38;5;3m[RouterExplorer] [39m[32mMapped {/api/v1/files/:id, GET} route[39m[38;5;3m +0ms[39m
2026-04-02T00:43:58.280175376Z [inf]  [32m[Nest] 1  - [39m04/02/2026, 12:43:58 AM [32m    LOG[39m [38;5;3m[RouterExplorer] [39m[32mMapped {/api/v1/files, POST} route[39m[38;5;3m +0ms[39m
2026-04-02T00:43:58.282073057Z [inf]  [32m[Nest] 1  - [39m04/02/2026, 12:43:58 AM [32m    LOG[39m [38;5;3m[RouterExplorer] [39m[32mMapped {/api/v1/files/metadata, POST} route[39m[38;5;3m +1ms[39m
2026-04-02T00:43:58.282081297Z [inf]  [32m[Nest] 1  - [39m04/02/2026, 12:43:58 AM [32m    LOG[39m [38;5;3m[RouterExplorer] [39m[32mMapped {/api/v1/files/:id, DELETE} route[39m[38;5;3m +0ms[39m
2026-04-02T00:43:58.282087416Z [inf]  [32m[Nest] 1  - [39m04/02/2026, 12:43:58 AM [32m    LOG[39m [38;5;3m[RoutesResolver] [39m[32mMessageController {/api/v1/messages}:[39m[38;5;3m +0ms[39m
2026-04-02T00:43:58.282092251Z [inf]  [32m[Nest] 1  - [39m04/02/2026, 12:43:58 AM [32m    LOG[39m [38;5;3m[RouterExplorer] [39m[32mMapped {/api/v1/messages, POST} route[39m[38;5;3m +1ms[39m
2026-04-02T00:43:58.282096852Z [inf]  [32m[Nest] 1  - [39m04/02/2026, 12:43:58 AM [32m    LOG[39m [38;5;3m[RouterExplorer] [39m[32mMapped {/api/v1/messages/unread-count, GET} route[39m[38;5;3m +0ms[39m
2026-04-02T00:43:58.282101090Z [inf]  [32m[Nest] 1  - [39m04/02/2026, 12:43:58 AM [32m    LOG[39m [38;5;3m[RouterExplorer] [39m[32mMapped {/api/v1/messages/unread-by-project, GET} route[39m[38;5;3m +0ms[39m
2026-04-02T00:43:58.282105626Z [inf]  [32m[Nest] 1  - [39m04/02/2026, 12:43:58 AM [32m    LOG[39m [38;5;3m[RouterExplorer] [39m[32mMapped {/api/v1/messages/conversations, GET} route[39m[38;5;3m +0ms[39m
2026-04-02T00:43:58.282111439Z [inf]  [32m[Nest] 1  - [39m04/02/2026, 12:43:58 AM [32m    LOG[39m [38;5;3m[RouterExplorer] [39m[32mMapped {/api/v1/messages/project/:projectId, GET} route[39m[38;5;3m +0ms[39m
2026-04-02T00:43:58.282115826Z [inf]  [32m[Nest] 1  - [39m04/02/2026, 12:43:58 AM [32m    LOG[39m [38;5;3m[RouterExplorer] [39m[32mMapped {/api/v1/messages/conversation/:userId, GET} route[39m[38;5;3m +1ms[39m
2026-04-02T00:43:58.282120391Z [inf]  [32m[Nest] 1  - [39m04/02/2026, 12:43:58 AM [32m    LOG[39m [38;5;3m[RouterExplorer] [39m[32mMapped {/api/v1/messages/:id/read, PATCH} route[39m[38;5;3m +0ms[39m
2026-04-02T00:43:58.284131588Z [inf]  [32m[Nest] 1  - [39m04/02/2026, 12:43:58 AM [32m    LOG[39m [38;5;3m[RouterExplorer] [39m[32mMapped {/api/v1/messages/read-all/:userId, PATCH} route[39m[38;5;3m +0ms[39m
2026-04-02T00:43:58.284142635Z [inf]  [32m[Nest] 1  - [39m04/02/2026, 12:43:58 AM [32m    LOG[39m [38;5;3m[RouterExplorer] [39m[32mMapped {/api/v1/messages/project/:projectId/read, PATCH} route[39m[38;5;3m +0ms[39m
2026-04-02T00:43:58.284150446Z [inf]  [32m[Nest] 1  - [39m04/02/2026, 12:43:58 AM [32m    LOG[39m [38;5;3m[RoutesResolver] [39m[32mContactController {/api/v1/contact}:[39m[38;5;3m +0ms[39m
2026-04-02T00:43:58.284156852Z [inf]  [32m[Nest] 1  - [39m04/02/2026, 12:43:58 AM [32m    LOG[39m [38;5;3m[RouterExplorer] [39m[32mMapped {/api/v1/contact, POST} route[39m[38;5;3m +1ms[39m
2026-04-02T00:43:58.284163866Z [inf]  [32m[Nest] 1  - [39m04/02/2026, 12:43:58 AM [32m    LOG[39m [38;5;3m[RoutesResolver] [39m[32mContentController {/api/v1/content}:[39m[38;5;3m +0ms[39m
2026-04-02T00:43:58.284170403Z [inf]  [32m[Nest] 1  - [39m04/02/2026, 12:43:58 AM [32m    LOG[39m [38;5;3m[RouterExplorer] [39m[32mMapped {/api/v1/content, GET} route[39m[38;5;3m +0ms[39m
2026-04-02T00:43:58.284177274Z [inf]  [32m[Nest] 1  - [39m04/02/2026, 12:43:58 AM [32m    LOG[39m [38;5;3m[RouterExplorer] [39m[32mMapped {/api/v1/content/:section, GET} route[39m[38;5;3m +0ms[39m
2026-04-02T00:43:58.284184353Z [inf]  [32m[Nest] 1  - [39m04/02/2026, 12:43:58 AM [32m    LOG[39m [38;5;3m[RouterExplorer] [39m[32mMapped {/api/v1/content/:section, PUT} route[39m[38;5;3m +0ms[39m
2026-04-02T00:43:58.284198173Z [inf]  [32m[Nest] 1  - [39m04/02/2026, 12:43:58 AM [32m    LOG[39m [38;5;3m[RouterExplorer] [39m[32mMapped {/api/v1/content/:section, DELETE} route[39m[38;5;3m +0ms[39m
2026-04-02T00:43:58.284205082Z [inf]  [32m[Nest] 1  - [39m04/02/2026, 12:43:58 AM [32m    LOG[39m [38;5;3m[RouterExplorer] [39m[32mMapped {/api/v1/content/seed, POST} route[39m[38;5;3m +1ms[39m
2026-04-02T00:43:58.286254657Z [inf]  [32m[Nest] 1  - [39m04/02/2026, 12:43:58 AM [32m    LOG[39m [38;5;3m[RouterExplorer] [39m[32mMapped {/api/v1/content/upload-image, POST} route[39m[38;5;3m +0ms[39m
2026-04-02T00:43:58.286261443Z [inf]  [32m[Nest] 1  - [39m04/02/2026, 12:43:58 AM [32m    LOG[39m [38;5;3m[RoutesResolver] [39m[32mHealthController {/api/v1/health}:[39m[38;5;3m +0ms[39m
2026-04-02T00:43:58.286266682Z [inf]  [32m[Nest] 1  - [39m04/02/2026, 12:43:58 AM [32m    LOG[39m [38;5;3m[RouterExplorer] [39m[32mMapped {/api/v1/health/live, GET} route[39m[38;5;3m +0ms[39m
2026-04-02T00:43:58.286271890Z [inf]  [32m[Nest] 1  - [39m04/02/2026, 12:43:58 AM [32m    LOG[39m [38;5;3m[RouterExplorer] [39m[32mMapped {/api/v1/health/ready, GET} route[39m[38;5;3m +0ms[39m
2026-04-02T00:43:58.286276598Z [inf]  [32m[Nest] 1  - [39m04/02/2026, 12:43:58 AM [32m    LOG[39m [38;5;3m[R2StorageService] [39m[32mStorage provider: local filesystem (/uploads)[39m
2026-04-02T00:43:58.286281269Z [inf]  [32m[Nest] 1  - [39m04/02/2026, 12:43:58 AM [32m    LOG[39m [38;5;3m[NestApplication] [39m[32mNest application successfully started[39m[38;5;3m +19ms[39m
2026-04-02T00:43:58.286285744Z [inf]  🚀 Thông Thái Space API running on port 8080
2026-04-02T00:43:58.286289932Z [err]  missing 'error' handler on this Redis client